// Jest Snapshot v1, https://goo.gl/fbAQLP

exports[`should test ExpenseDashboardPage 1`] = `
<div>
  Dashboard Page
</div>
`;
